// Jest Snapshot v1, https://goo.gl/fbAQLP

exports[`Pruebas en el componente GifItem Debe hacer match con el snapshot 1`] = `
<div>
  <div
    class="card"
  >
    <img
      alt="Eren"
      src="https://www.shingeki-no-kioyin.com.co/"
    />
    <p>
      Eren
    </p>
  </div>
</div>
`;
